       Fresh unicode-ident v1.0.12
       Fresh proc-macro2 v1.0.95
       Fresh quote v1.0.40
       Fresh syn v2.0.100
       Fresh autocfg v1.1.0
       Fresh strsim v0.10.0
       Fresh serde_derive v1.0.219
       Fresh utf8parse v0.2.1
       Fresh anstyle-parse v0.2.3
       Fresh anstyle-query v1.0.2
       Fresh is_terminal_polyfill v1.70.1
       Fresh colorchoice v1.0.0
       Fresh anstyle v1.0.10
       Fresh anstream v0.6.18
       Fresh libm v0.2.8
       Fresh clap_lex v0.6.0
       Fresh cfg-if v1.0.0
       Fresh heck v0.4.1
       Fresh ident_case v1.0.1
       Fresh libc v0.2.169
       Fresh clap_derive v4.4.7
       Fresh fnv v1.0.7
       Fresh version_check v0.9.4
       Fresh bitflags v2.4.1
       Fresh linux-raw-sys v0.4.14
       Fresh aho-corasick v1.1.2
       Fresh rustix v0.38.42
       Fresh iana-time-zone v0.1.59
       Fresh itoa v1.0.10
       Fresh regex-syntax v0.8.5
       Fresh ryu v1.0.16
       Fresh unicase v2.7.0
       Fresh regex-automata v0.4.9
       Fresh regex v1.11.1
       Fresh syn v1.0.109
       Fresh crossbeam-utils v0.8.19
       Fresh terminal_size v0.3.0
       Fresh darling_core v0.20.3
       Fresh getrandom v0.2.11
       Fresh minimal-lexical v0.2.1
       Fresh futures-sink v0.3.30
       Fresh memchr v2.7.1
       Fresh once_cell v1.21.3
       Fresh futures-core v0.3.30
       Fresh nom v7.1.3
       Fresh futures-channel v0.3.30
       Fresh rand_core v0.6.4
       Fresh clap_builder v4.4.12
       Fresh crossbeam-epoch v0.9.18
       Fresh darling_macro v0.20.3
       Fresh slab v0.4.9
       Fresh darling_core v0.14.4
       Fresh num-traits v0.2.17
       Fresh serde v1.0.219
       Fresh serde_json v1.0.111
       Fresh anyhow v1.0.79
       Fresh virtue v0.0.13
       Fresh equivalent v1.0.1
       Fresh pin-project-lite v0.2.13
       Fresh mime v0.3.17
       Fresh futures-task v0.3.30
       Fresh ppv-lite86 v0.2.17
       Fresh roff v0.2.2
       Fresh pin-utils v0.1.0
       Fresh either v1.9.0
       Fresh futures-io v0.3.30
       Fresh hashbrown v0.14.3
       Fresh rand_chacha v0.3.1
       Fresh indexmap v2.1.0
       Fresh futures-util v0.3.30
       Fresh mime_guess v2.0.4
       Fresh bincode_derive v2.0.0-rc.3
       Fresh basic-toml v0.1.8
       Fresh darling_macro v0.14.4
       Fresh crossbeam-deque v0.8.5
       Fresh darling v0.20.3
       Fresh askama_parser v0.2.0
       Fresh clap v4.4.13
       Fresh rustversion v1.0.18
       Fresh toml_datetime v0.6.5
       Fresh ciborium-io v0.2.1
       Fresh scopeguard v1.2.0
       Fresh smallvec v1.13.2
       Fresh winnow v0.5.33
       Fresh log v0.4.27
       Fresh convert_case v0.4.0
       Fresh half v1.8.2
       Fresh plotters-backend v0.3.5
       Fresh plotters-svg v0.3.5
       Fresh ciborium-ll v0.2.1
       Fresh derive_more v0.99.18
       Fresh lock_api v0.4.12
       Fresh parking_lot_core v0.9.10
       Fresh askama_derive v0.12.4
       Fresh castaway v0.2.3
       Fresh darling v0.14.4
       Fresh serde_with_macros v2.3.3
       Fresh rayon-core v1.12.0
       Fresh bincode v2.0.0-rc.3
       Fresh futures-executor v0.3.30
       Fresh rand v0.8.5
       Fresh itertools v0.10.5
       Fresh clap-markdown v0.1.5
       Fresh chrono v0.4.39
       Fresh humansize v2.1.3
       Fresh serde_spanned v0.6.5
       Fresh static_assertions v1.1.0
       Fresh askama_escape v0.10.3
       Fresh sdd v3.0.5
       Fresh percent-encoding v2.3.1
       Fresh same-file v1.0.6
       Fresh bytes v1.5.0
       Fresh cast v0.3.0
       Fresh walkdir v2.4.0
       Fresh askama v0.12.1
       Fresh criterion-plot v0.5.0
       Fresh compact_str v0.7.1
       Fresh scc v2.3.0
       Fresh toml_edit v0.21.0
       Fresh futures v0.3.30
       Fresh rayon v1.8.0
       Fresh nichi v0.5.1
       Fresh plotly_derive v0.8.4
       Fresh serde_with v2.3.3
       Fresh parking_lot v0.12.3
       Fresh paste v1.0.15
       Fresh plotters v0.3.5
       Fresh ciborium v0.2.1
       Fresh env_filter v0.1.3
       Fresh tinytemplate v1.2.1
       Fresh is-terminal v0.4.10
       Fresh ordered-float v5.0.0
       Fresh instant v0.1.12
       Fresh easy-cast v0.4.4
       Fresh erased-serde v0.3.31
       Fresh serial_test_derive v3.2.0
       Fresh thiserror-impl v1.0.56
       Fresh serde_repr v0.1.18
       Fresh rangemap v1.6.0
       Fresh jiff v0.2.8
       Fresh float-ord v0.3.2
       Fresh oorandom v11.1.3
       Fresh seq-macro v0.3.5
       Fresh dyn-clone v1.0.16
       Fresh anes v0.1.6
       Fresh plotly v0.8.4
       Fresh readable v0.16.0
       Fresh criterion v0.5.1
       Fresh sparklines v0.3.0
       Fresh average v0.13.1
       Fresh env_logger v0.11.8
       Fresh thiserror v1.0.56
       Fresh serial_test v3.2.0
       Fresh backoff v0.4.0
       Dirty git-perf v0.17.2 (/workspace/git_perf): the file `git_perf/../git_perf_cli_types/src/lib.rs` is missing
   Compiling git-perf v0.17.2 (/workspace/git_perf)
       Fresh toml v0.8.8
       Fresh git_perf_cli_types v0.1.1 (/workspace/cli_types)
       Fresh toml_edit v0.20.7
       Fresh clap_mangen v0.2.29
       Fresh defer v0.2.1
       Fresh unindent v0.2.3
       Fresh hex v0.4.3
     Running `/workspace/target/debug/build/git-perf-4bd1f079e9a2a9b1/build-script-build`
warning: git-perf@0.17.2: BUILD SCRIPT DEBUG: OUT_DIR = /workspace/target/debug/build/git-perf-753f28c98942cca8/out
warning: git-perf@0.17.2: BUILD SCRIPT DEBUG: Current working directory = /workspace/git_perf
warning: git-perf@0.17.2: BUILD SCRIPT DEBUG: Workspace root = /workspace/target/debug/build/git-perf-753f28c98942cca8/out/../../../../../
warning: git-perf@0.17.2: BUILD SCRIPT DEBUG: Man dir = /workspace/target/debug/build/git-perf-753f28c98942cca8/out/../../../../../man/man1
warning: git-perf@0.17.2: BUILD SCRIPT DEBUG: Docs dir = /workspace/target/debug/build/git-perf-753f28c98942cca8/out/../../../../../docs
warning: git-perf@0.17.2: BUILD SCRIPT DEBUG: Generated 12 manpages
warning: git-perf@0.17.2: BUILD SCRIPT DEBUG: Generated markdown at /workspace/target/debug/build/git-perf-753f28c98942cca8/out/../../../../../docs/manpage.md
warning: git-perf@0.17.2: BUILD SCRIPT DEBUG: Man directory exists after generation: true
warning: git-perf@0.17.2: BUILD SCRIPT DEBUG: Docs directory exists after generation: true
     Running `/usr/local/rustup/toolchains/1.82.0-x86_64-unknown-linux-gnu/bin/rustc --crate-name git_perf --edition=2021 git_perf/src/lib.rs --error-format=json --json=diagnostic-rendered-ansi,artifacts,future-incompat --crate-type lib --emit=dep-info,metadata,link -C embed-bitcode=no -C debuginfo=2 --check-cfg 'cfg(docsrs)' --check-cfg 'cfg(feature, values("vendored-openssl"))' -C metadata=4ff009a3e8304221 -C extra-filename=-4ff009a3e8304221 --out-dir /workspace/target/debug/deps -C incremental=/workspace/target/debug/incremental -L dependency=/workspace/target/debug/deps --extern anyhow=/workspace/target/debug/deps/libanyhow-13109ba0f690d529.rmeta --extern average=/workspace/target/debug/deps/libaverage-ad40a37f2836bdc1.rmeta --extern backoff=/workspace/target/debug/deps/libbackoff-c46fd79769f4d9b0.rmeta --extern chrono=/workspace/target/debug/deps/libchrono-e885312deee18557.rmeta --extern clap=/workspace/target/debug/deps/libclap-9d2bfefb47297d3e.rmeta --extern clap_mangen=/workspace/target/debug/deps/libclap_mangen-f606581603387892.rmeta --extern criterion=/workspace/target/debug/deps/libcriterion-73731ba2618068f2.rmeta --extern defer=/workspace/target/debug/deps/libdefer-13eb4b8928b11720.rmeta --extern env_logger=/workspace/target/debug/deps/libenv_logger-e1c65b2a3739c9d5.rmeta --extern git_perf_cli_types=/workspace/target/debug/deps/libgit_perf_cli_types-226e1ad2f56a2042.rmeta --extern hex=/workspace/target/debug/deps/libhex-a7fcb079ec2dbc19.rmeta --extern itertools=/workspace/target/debug/deps/libitertools-fb2e27c230e4fc24.rmeta --extern log=/workspace/target/debug/deps/liblog-d47d9c3f4fefb87f.rmeta --extern plotly=/workspace/target/debug/deps/libplotly-588eb9b89a563114.rmeta --extern rand=/workspace/target/debug/deps/librand-61e918c7b366de98.rmeta --extern readable=/workspace/target/debug/deps/libreadable-549cc66c36399e7f.rmeta --extern serial_test=/workspace/target/debug/deps/libserial_test-15e7f03efe8408d9.rmeta --extern sparklines=/workspace/target/debug/deps/libsparklines-8cef947e3760c08a.rmeta --extern thiserror=/workspace/target/debug/deps/libthiserror-d52a139ae557dc30.rmeta --extern toml=/workspace/target/debug/deps/libtoml-d9017f662fd87ab8.rmeta --extern toml_edit=/workspace/target/debug/deps/libtoml_edit-b3f98c71d3592536.rmeta --extern unindent=/workspace/target/debug/deps/libunindent-03d2ce4aaafbc59e.rmeta`
     Running `/usr/local/rustup/toolchains/1.82.0-x86_64-unknown-linux-gnu/bin/rustc --crate-name git_perf --edition=2021 git_perf/src/main.rs --error-format=json --json=diagnostic-rendered-ansi,artifacts,future-incompat --crate-type bin --emit=dep-info,link -C embed-bitcode=no -C debuginfo=2 --check-cfg 'cfg(docsrs)' --check-cfg 'cfg(feature, values("vendored-openssl"))' -C metadata=c0c8eeb8686a2ce8 -C extra-filename=-c0c8eeb8686a2ce8 --out-dir /workspace/target/debug/deps -C incremental=/workspace/target/debug/incremental -L dependency=/workspace/target/debug/deps --extern anyhow=/workspace/target/debug/deps/libanyhow-13109ba0f690d529.rlib --extern average=/workspace/target/debug/deps/libaverage-ad40a37f2836bdc1.rlib --extern backoff=/workspace/target/debug/deps/libbackoff-c46fd79769f4d9b0.rlib --extern chrono=/workspace/target/debug/deps/libchrono-e885312deee18557.rlib --extern clap=/workspace/target/debug/deps/libclap-9d2bfefb47297d3e.rlib --extern clap_mangen=/workspace/target/debug/deps/libclap_mangen-f606581603387892.rlib --extern criterion=/workspace/target/debug/deps/libcriterion-73731ba2618068f2.rlib --extern defer=/workspace/target/debug/deps/libdefer-13eb4b8928b11720.rlib --extern env_logger=/workspace/target/debug/deps/libenv_logger-e1c65b2a3739c9d5.rlib --extern git_perf=/workspace/target/debug/deps/libgit_perf-4ff009a3e8304221.rlib --extern git_perf_cli_types=/workspace/target/debug/deps/libgit_perf_cli_types-226e1ad2f56a2042.rlib --extern hex=/workspace/target/debug/deps/libhex-a7fcb079ec2dbc19.rlib --extern itertools=/workspace/target/debug/deps/libitertools-fb2e27c230e4fc24.rlib --extern log=/workspace/target/debug/deps/liblog-d47d9c3f4fefb87f.rlib --extern plotly=/workspace/target/debug/deps/libplotly-588eb9b89a563114.rlib --extern rand=/workspace/target/debug/deps/librand-61e918c7b366de98.rlib --extern readable=/workspace/target/debug/deps/libreadable-549cc66c36399e7f.rlib --extern serial_test=/workspace/target/debug/deps/libserial_test-15e7f03efe8408d9.rlib --extern sparklines=/workspace/target/debug/deps/libsparklines-8cef947e3760c08a.rlib --extern thiserror=/workspace/target/debug/deps/libthiserror-d52a139ae557dc30.rlib --extern toml=/workspace/target/debug/deps/libtoml-d9017f662fd87ab8.rlib --extern toml_edit=/workspace/target/debug/deps/libtoml_edit-b3f98c71d3592536.rlib --extern unindent=/workspace/target/debug/deps/libunindent-03d2ce4aaafbc59e.rlib`
    Finished `dev` profile [unoptimized + debuginfo] target(s) in 1.39s
